A modern replacement for ls

Usage: eza [OPTIONS] [PATHS]...

Arguments:
  [PATHS]...  

Options:
  -a, --all...
          Show hidden files
  -l, --long
          display extended file metadata as a table
      --git
          list each file's Git status, if tracked or ignored
  -1, --oneline
          Display one entry per line
  -T, --tree
          recurse into directories as a tree
  -G, --grid
          display entries as a grid (default)
  -x, --across
          sort the grid across, rather than downwards
  -R, --recurse
          recurse into directories
  -F, --classify
          display type indicator by file names
  -X, --dereference
          
  -w, --width <WIDTH>
          set screen width in columns
      --color [<COLOR>]
          when to use terminal colours (always, auto, never) [default: auto] [possible values: always, auto, never]
      --color-scale [<COLOR_SCALE>]
          highlight levels of 'field' distinctly(all, age, size) [possible values: all, age, size]
      --color-scale-mode [<COLOR_SCALE_MODE>]
          use gradient or fixed colors in --color-scale (fixed, gradient) [default: gradient] [possible values: fixed, gradient]
  -A, --almost-all
          
  -d, --list-dirs
          list directories as files; don't list their contents
  -L, --level <LEVEL>
          limit the depth of recursion
  -r, --reverse
          reverse the sort order
  -s, --sort [<SORT>]
          which field to sort by
  -I, --ignore-glob <IGNORE_GLOB>
          glob patterns (pipe-separated) of files to ignore
      --git-ignore
          ignore files mentioned in '.gitignore'
      --group-directories-first
          list directories before other files
  -D, --only-dirs
          list only directories
  -b, --binary
          list file sizes with binary prefixes
  -B, --bytes
          list file sizes in bytes, without any prefixes
  -g, --group
          list each file's group
  -n, --numeric
          list numeric user and group IDs
  -h, --header
          add a header row to each column
      --icons [<ICONS>]
          display icons [possible values: always, auto, never]
  -i, --inode
          list each file's inode number
  -H, --links
          list each file's number of hard links
  -m, --modified
          use the modified timestamp field
      --changed
          use the changed timestamp field
  -S, --blocksize
          show size of allocated file system blocks
  -t, --time <TIME>
          which timestamp field to list (modified, accessed, created)
  -u, --accessed
          use the accessed timestamp field
  -U, --created
          use the created timestamp field
      --time-style [<TIME_STYLE>]
          how to format timestamps (default, iso, long-iso, full-iso, relative) [default: default]
      --hyperlink
          display entries as hyperlinks
      --no-permissions
          suppress the permissions field
      --no-filesize
          suppress the filesize field
      --no-user
          suppress the user field
      --no-time
          suppress the time field
      --no-git
          suppress git
      --git-repos
          list root of git-tree status
      --git-repos-no-status
          List each git-repos branch name (much faster)
  -o, --octal
          list each file's permission in octal format
  -Z, --context
          Display the number of hard links to file
  -@, --extended
          Show extended attributes
  -?, --help
          Show list of command-line options
  -M, --mounts
          Show mount details (Linux only)
  -f, --only-files
          Show only files
      --no-quotes
          Don't Show quotes
      --smart-group
          only show group if it has a different name from owner
      --total-size
          show the size of a directory as the size of all files and directories inside
      --stdin
          use stdin as the sole input
  -O, --flags
          
      --absolute [<ABSOLUTE>]
          show absolute paths of file or directory [possible values: on, off, follow, no, yes]
  -V, --version
          Print version
