complex-names  perms
git            size
grid           specials
group          symlinks
icons          time
