time
symlinks
specials
size
perms
icons
group
grid
git
complex-names
