git    icons  specials
grid   perms  symlinks
group  size   time
