git       time
grid      
group     
icons     
perms     
size      
specials  
symlinks  
