tests/test_dir
├── complex-names
├── git
├── grid
├── group
├── icons
├── perms
├── size
├── specials
├── symlinks
└── time
