error: Custom timestamp format for recent files is empty, please supply a chrono format string at the second line.
