error: Invalid custom timestamp format: +
.
Please start the format with a plus sign (+) to indicate a custom format.
For example: +"%Y-%m-%d %H:%M:%S"
