Size Name
   - git
   - grid
   - group
   - icons
   - perms
   - size
   - specials
   - symlinks
   - time
